// Jest Snapshot v1, https://goo.gl/fbAQLP

exports[`Test in <GifGridItem /> must match with snapshot 1`] = `
<div>
  <div
    class="card"
  >
    <img
      alt="Naruto"
      src="https://aws.amazon.com/what-is/batch-processing/"
    />
    <p>
      Naruto
    </p>
  </div>
</div>
`;
